[0m12:01:19.142733 [debug] [MainThread]: Sending event: {'category': 'dbt', 'action': 'invocation', 'label': 'start', 'context': [<snowplow_tracker.self_describing_json.SelfDescribingJson object at 0x00000213000F0280>, <snowplow_tracker.self_describing_json.SelfDescribingJson object at 0x000002130244FC40>, <snowplow_tracker.self_describing_json.SelfDescribingJson object at 0x000002130244FE50>]}


============================== 12:01:19.183871 | 87e598c5-35df-4756-8b30-37cfd86e2e68 ==============================
[0m12:01:19.183871 [info ] [MainThread]: Running with dbt=1.10.11
[0m12:01:19.185873 [debug] [MainThread]: running dbt with arguments {'partial_parse': 'True', 'write_json': 'True', 'send_anonymous_usage_stats': 'True', 'version_check': 'True', 'cache_selected_only': 'False', 'target_path': 'None', 'warn_error': 'None', 'invocation_command': 'dbt init .', 'log_format': 'default', 'use_colors': 'True', 'introspect': 'True', 'debug': 'False', 'printer_width': '80', 'fail_fast': 'False', 'no_print': 'None', 'empty': 'None', 'quiet': 'False', 'log_cache_events': 'False', 'use_experimental_parser': 'False', 'log_path': 'logs', 'indirect_selection': 'eager', 'profiles_dir': 'C:\\Users\\ShivaShankarP\\.dbt', 'static_parser': 'True', 'warn_error_options': 'WarnErrorOptionsV2(error=[], warn=[], silence=[])'}
[0m12:01:19.365761 [info ] [MainThread]: Creating dbt configuration folder at C:\Users\ShivaShankarP\.dbt
[0m12:01:39.774909 [debug] [MainThread]: Starter project path: C:\Users\ShivaShankarP\Desktop\Bootcamp\dbt-fundamentals\.venv\lib\site-packages\dbt\include\starter_project
[0m12:01:40.022689 [info ] [MainThread]: 
Your new dbt project "jaffle_shop" was created!

For more information on how to configure the profiles.yml file,
please consult the dbt documentation here:

  https://docs.getdbt.com/docs/configure-your-profile

One more thing:

Need help? Don't hesitate to reach out to us via GitHub issues or on Slack:

  https://community.getdbt.com/

Happy modeling!

[0m12:01:40.024688 [info ] [MainThread]: Setting up your profile.
[0m12:04:37.465035 [info ] [MainThread]: Profile jaffle_shop written to C:\Users\ShivaShankarP\.dbt\profiles.yml using target's profile_template.yml and your supplied values. Run 'dbt debug' to validate the connection.
[0m12:04:37.468541 [debug] [MainThread]: Command `dbt init` succeeded at 12:04:37.468541 after 198.52 seconds
[0m12:04:37.470050 [debug] [MainThread]: Sending event: {'category': 'dbt', 'action': 'invocation', 'label': 'end', 'context': [<snowplow_tracker.self_describing_json.SelfDescribingJson object at 0x00000213000F0280>, <snowplow_tracker.self_describing_json.SelfDescribingJson object at 0x00000213025E8E80>, <snowplow_tracker.self_describing_json.SelfDescribingJson object at 0x000002130239BEB0>]}
[0m12:04:37.473056 [debug] [MainThread]: Flushing usage events
[0m12:04:38.843373 [debug] [MainThread]: An error was encountered while trying to flush usage events
[0m12:04:54.908229 [debug] [MainThread]: Sending event: {'category': 'dbt', 'action': 'invocation', 'label': 'start', 'context': [<snowplow_tracker.self_describing_json.SelfDescribingJson object at 0x000001C677024220>, <snowplow_tracker.self_describing_json.SelfDescribingJson object at 0x000001C679272DD0>, <snowplow_tracker.self_describing_json.SelfDescribingJson object at 0x000001C679272F80>]}


============================== 12:04:54.915753 | 43ca975b-0585-4994-bffe-d7d2cc3b5c74 ==============================
[0m12:04:54.915753 [info ] [MainThread]: Running with dbt=1.10.11
[0m12:04:54.918879 [debug] [MainThread]: running dbt with arguments {'partial_parse': 'True', 'warn_error_options': 'WarnErrorOptionsV2(error=[], warn=[], silence=[])', 'send_anonymous_usage_stats': 'True', 'version_check': 'True', 'cache_selected_only': 'False', 'target_path': 'None', 'use_colors': 'True', 'invocation_command': 'dbt debug', 'log_format': 'default', 'warn_error': 'None', 'introspect': 'True', 'debug': 'False', 'log_cache_events': 'False', 'fail_fast': 'False', 'no_print': 'None', 'quiet': 'False', 'use_experimental_parser': 'False', 'empty': 'None', 'printer_width': '80', 'log_path': 'logs', 'indirect_selection': 'eager', 'write_json': 'True', 'static_parser': 'True', 'profiles_dir': 'C:\\Users\\ShivaShankarP\\.dbt'}
[0m12:04:54.983819 [info ] [MainThread]: dbt version: 1.10.11
[0m12:04:54.984812 [info ] [MainThread]: python version: 3.10.18
[0m12:04:54.988321 [info ] [MainThread]: python path: C:\Users\ShivaShankarP\Desktop\Bootcamp\dbt-fundamentals\.venv\Scripts\python.exe
[0m12:04:54.989833 [info ] [MainThread]: os info: Windows-10-10.0.26100-SP0
[0m12:04:55.927678 [info ] [MainThread]: Using profiles dir at C:\Users\ShivaShankarP\.dbt
[0m12:04:55.929689 [info ] [MainThread]: Using profiles.yml file at C:\Users\ShivaShankarP\.dbt\profiles.yml
[0m12:04:55.930695 [info ] [MainThread]: Using dbt_project.yml file at C:\Users\ShivaShankarP\Desktop\Bootcamp\dbt-fundamentals\dbt_project.yml
[0m12:04:55.937698 [info ] [MainThread]: adapter type: snowflake
[0m12:04:55.940716 [info ] [MainThread]: adapter version: 1.10.2
[0m12:04:55.942718 [info ] [MainThread]: Configuration:
[0m12:04:55.943716 [info ] [MainThread]:   profiles.yml file [[32mOK found and valid[0m]
[0m12:04:55.944717 [info ] [MainThread]:   dbt_project.yml file [[31mERROR not found[0m]
[0m12:04:55.945716 [info ] [MainThread]: Required dependencies:
[0m12:04:55.946717 [debug] [MainThread]: Executing "git --help"
[0m12:04:56.167767 [debug] [MainThread]: STDOUT: "b"usage: git [-v | --version] [-h | --help] [-C <path>] [-c <name>=<value>]\n           [--exec-path[=<path>]] [--html-path] [--man-path] [--info-path]\n           [-p | --paginate | -P | --no-pager] [--no-replace-objects] [--no-lazy-fetch]\n           [--no-optional-locks] [--no-advice] [--bare] [--git-dir=<path>]\n           [--work-tree=<path>] [--namespace=<name>] [--config-env=<name>=<envvar>]\n           <command> [<args>]\n\nThese are common Git commands used in various situations:\n\nstart a working area (see also: git help tutorial)\n   clone      Clone a repository into a new directory\n   init       Create an empty Git repository or reinitialize an existing one\n\nwork on the current change (see also: git help everyday)\n   add        Add file contents to the index\n   mv         Move or rename a file, a directory, or a symlink\n   restore    Restore working tree files\n   rm         Remove files from the working tree and from the index\n\nexamine the history and state (see also: git help revisions)\n   bisect     Use binary search to find the commit that introduced a bug\n   diff       Show changes between commits, commit and working tree, etc\n   grep       Print lines matching a pattern\n   log        Show commit logs\n   show       Show various types of objects\n   status     Show the working tree status\n\ngrow, mark and tweak your common history\n   backfill   Download missing objects in a partial clone\n   branch     List, create, or delete branches\n   commit     Record changes to the repository\n   merge      Join two or more development histories together\n   rebase     Reapply commits on top of another base tip\n   reset      Reset current HEAD to the specified state\n   switch     Switch branches\n   tag        Create, list, delete or verify a tag object signed with GPG\n\ncollaborate (see also: git help workflows)\n   fetch      Download objects and refs from another repository\n   pull       Fetch from and integrate with another repository or a local branch\n   push       Update remote refs along with associated objects\n\n'git help -a' and 'git help -g' list available subcommands and some\nconcept guides. See 'git help <command>' or 'git help <concept>'\nto read about a specific subcommand or concept.\nSee 'git help git' for an overview of the system.\n""
[0m12:04:56.169185 [debug] [MainThread]: STDERR: "b''"
[0m12:04:56.171193 [info ] [MainThread]:  - git [[32mOK found[0m]

[0m12:04:56.172191 [info ] [MainThread]: Connection:
[0m12:04:56.173191 [info ] [MainThread]:   account: JBXYAEB-DBB19144
[0m12:04:56.174201 [info ] [MainThread]:   user: Shivvv2025
[0m12:04:56.176198 [info ] [MainThread]:   database: ANALYTICS
[0m12:04:56.176198 [info ] [MainThread]:   warehouse: COMPUTE_WH
[0m12:04:56.177706 [info ] [MainThread]:   role: ACCOUNTADMIN
[0m12:04:56.178713 [info ] [MainThread]:   schema: dbtshiv
[0m12:04:56.179712 [info ] [MainThread]:   authenticator: None
[0m12:04:56.180712 [info ] [MainThread]:   oauth_client_id: None
[0m12:04:56.181711 [info ] [MainThread]:   query_tag: None
[0m12:04:56.182720 [info ] [MainThread]:   client_session_keep_alive: False
[0m12:04:56.183713 [info ] [MainThread]:   host: None
[0m12:04:56.184720 [info ] [MainThread]:   port: None
[0m12:04:56.185713 [info ] [MainThread]:   proxy_host: None
[0m12:04:56.187715 [info ] [MainThread]:   proxy_port: None
[0m12:04:56.188865 [info ] [MainThread]:   protocol: None
[0m12:04:56.190863 [info ] [MainThread]:   connect_retries: 1
[0m12:04:56.191866 [info ] [MainThread]:   connect_timeout: None
[0m12:04:56.192864 [info ] [MainThread]:   retry_on_database_errors: False
[0m12:04:56.194217 [info ] [MainThread]:   retry_all: False
[0m12:04:56.195205 [info ] [MainThread]:   insecure_mode: False
[0m12:04:56.196208 [info ] [MainThread]:   reuse_connections: True
[0m12:04:56.197716 [info ] [MainThread]:   s3_stage_vpce_dns_name: None
[0m12:04:56.199725 [info ] [MainThread]: Registered adapter: snowflake=1.10.2
[0m12:04:57.008786 [debug] [MainThread]: Acquiring new snowflake connection 'debug'
[0m12:05:08.831033 [debug] [MainThread]: Using snowflake connection "debug"
[0m12:05:08.832032 [debug] [MainThread]: On debug: select 1 as id
[0m12:05:08.833032 [debug] [MainThread]: Opening a new connection, currently in state init
[0m12:05:14.185685 [debug] [MainThread]: SQL status: SUCCESS 1 in 5.352 seconds
[0m12:05:14.188732 [info ] [MainThread]:   Connection test: [[32mOK connection ok[0m]

[0m12:05:14.189732 [info ] [MainThread]: [31m1 check failed:[0m
[0m12:05:14.190737 [info ] [MainThread]: Project loading failed for the following reason:
 project path <C:\Users\ShivaShankarP\Desktop\Bootcamp\dbt-fundamentals\dbt_project.yml> not found

[0m12:05:14.192736 [debug] [MainThread]: Command `dbt debug` failed at 12:05:14.192736 after 19.58 seconds
[0m12:05:14.193742 [debug] [MainThread]: Connection 'debug' was left open.
[0m12:05:14.194734 [debug] [MainThread]: On debug: Close
[0m12:05:14.744957 [debug] [MainThread]: Sending event: {'category': 'dbt', 'action': 'invocation', 'label': 'end', 'context': [<snowplow_tracker.self_describing_json.SelfDescribingJson object at 0x000001C677024220>, <snowplow_tracker.self_describing_json.SelfDescribingJson object at 0x000001C67923E830>, <snowplow_tracker.self_describing_json.SelfDescribingJson object at 0x000001C67B237DC0>]}
[0m12:05:14.747459 [debug] [MainThread]: Flushing usage events
[0m12:05:15.841906 [debug] [MainThread]: An error was encountered while trying to flush usage events
[0m12:30:25.761869 [debug] [MainThread]: Sending event: {'category': 'dbt', 'action': 'invocation', 'label': 'start', 'context': [<snowplow_tracker.self_describing_json.SelfDescribingJson object at 0x0000021AA96B4280>, <snowplow_tracker.self_describing_json.SelfDescribingJson object at 0x0000021AAB913C40>, <snowplow_tracker.self_describing_json.SelfDescribingJson object at 0x0000021AAB913E20>]}


============================== 12:30:25.761869 | a326974a-92ac-45d0-a8ba-886bc4c581ce ==============================
[0m12:30:25.761869 [info ] [MainThread]: Running with dbt=1.10.11
[0m12:30:25.761869 [debug] [MainThread]: running dbt with arguments {'partial_parse': 'True', 'profiles_dir': 'C:\\Users\\ShivaShankarP\\.dbt', 'send_anonymous_usage_stats': 'True', 'version_check': 'True', 'cache_selected_only': 'False', 'target_path': 'None', 'warn_error': 'None', 'invocation_command': 'dbt init .\\jaffle_shop\\', 'log_format': 'default', 'use_colors': 'True', 'introspect': 'True', 'debug': 'False', 'printer_width': '80', 'fail_fast': 'False', 'no_print': 'None', 'empty': 'None', 'use_experimental_parser': 'False', 'quiet': 'False', 'log_cache_events': 'False', 'indirect_selection': 'eager', 'log_path': 'logs', 'write_json': 'True', 'static_parser': 'True', 'warn_error_options': 'WarnErrorOptionsV2(error=[], warn=[], silence=[])'}
[0m12:30:36.500158 [error] [MainThread]: Encountered an error:

[0m12:30:36.571479 [error] [MainThread]: Traceback (most recent call last):
  File "C:\Users\ShivaShankarP\Desktop\Bootcamp\dbt-fundamentals\.venv\lib\site-packages\dbt\cli\requires.py", line 178, in wrapper
    result, success = func(*args, **kwargs)
  File "C:\Users\ShivaShankarP\Desktop\Bootcamp\dbt-fundamentals\.venv\lib\site-packages\dbt\cli\requires.py", line 128, in wrapper
    return func(*args, **kwargs)
  File "C:\Users\ShivaShankarP\Desktop\Bootcamp\dbt-fundamentals\.venv\lib\site-packages\dbt\cli\main.py", line 483, in init
    results = task.run()
  File "C:\Users\ShivaShankarP\Desktop\Bootcamp\dbt-fundamentals\.venv\lib\site-packages\dbt\task\init.py", line 324, in run
    project_name = self.get_valid_project_name()
  File "C:\Users\ShivaShankarP\Desktop\Bootcamp\dbt-fundamentals\.venv\lib\site-packages\dbt\task\init.py", line 278, in get_valid_project_name
    name = click.prompt("Enter a name for your project (letters, digits, underscore)")
  File "C:\Users\ShivaShankarP\Desktop\Bootcamp\dbt-fundamentals\.venv\lib\site-packages\click\termui.py", line 168, in prompt
    value = prompt_func(prompt)
  File "C:\Users\ShivaShankarP\Desktop\Bootcamp\dbt-fundamentals\.venv\lib\site-packages\click\termui.py", line 151, in prompt_func
    raise Abort() from None
click.exceptions.Abort

[0m12:30:36.571479 [debug] [MainThread]: Command `dbt init` failed at 12:30:36.571479 after 11.04 seconds
[0m12:30:36.571479 [debug] [MainThread]: Sending event: {'category': 'dbt', 'action': 'invocation', 'label': 'end', 'context': [<snowplow_tracker.self_describing_json.SelfDescribingJson object at 0x0000021AA96B4280>, <snowplow_tracker.self_describing_json.SelfDescribingJson object at 0x0000021AAB8E0A60>, <snowplow_tracker.self_describing_json.SelfDescribingJson object at 0x0000021AAB8E0EE0>]}
[0m12:30:36.571479 [debug] [MainThread]: Flushing usage events
[0m12:30:37.790064 [debug] [MainThread]: An error was encountered while trying to flush usage events
